line 1, no password: root::0:0:Computer Science SUN4,002C,6501,6543:/:/bin/csh
line 3, does not have 7 fields: toor:0:0:Bourne-again Superuser,,,:/:
