[FS] variable	35
[FS] variable	36
[FS] variable	52
[if]-[else] statement	47
arithmetic operators	36
arithmetic operators	44
coercion rules	44
coercion~to number	45
coercion~to string	45
control-flow statements	48
numeric comparison	44
string comparison	44
