line 1, : root::0:0:Computer Science SUN4,002C,6501,6543:/:/bin/csh
line 3, : toor:0:0:Bourne-again Superuser,,,:/:
